JSP690.construction_min_degree : ∀ (v : JSP690.Vertex),
  @LE.le.{0} Nat instLENat (@OfNat.ofNat.{0} Nat (nat_lit 7) (instOfNatNat (nat_lit 7)))
    (@JSP690.degree (@OfNat.ofNat.{0} Nat (nat_lit 9) (instOfNatNat (nat_lit 9))) JSP690.construction v)
theorem JSP690.construction_min_degree : ∀ (v : JSP690.Vertex),
  @LE.le.{0} Nat instLENat (@OfNat.ofNat.{0} Nat (nat_lit 7) (instOfNatNat (nat_lit 7)))
    (@JSP690.degree (@OfNat.ofNat.{0} Nat (nat_lit 9) (instOfNatNat (nat_lit 9))) JSP690.construction v) :=
@of_decide_eq_true
  (∀ (v : JSP690.Vertex),
    @LE.le.{0} Nat instLENat (@OfNat.ofNat.{0} Nat (nat_lit 7) (instOfNatNat (nat_lit 7)))
      (@JSP690.degree (@OfNat.ofNat.{0} Nat (nat_lit 9) (instOfNatNat (nat_lit 9))) JSP690.construction v))
  (@Nat.decidableForallFin (@OfNat.ofNat.{0} Nat (nat_lit 9) (instOfNatNat (nat_lit 9)))
    (fun (v : JSP690.Vertex) =>
      @LE.le.{0} Nat instLENat (@OfNat.ofNat.{0} Nat (nat_lit 7) (instOfNatNat (nat_lit 7)))
        (@JSP690.degree (@OfNat.ofNat.{0} Nat (nat_lit 9) (instOfNatNat (nat_lit 9))) JSP690.construction v))
    fun (a : Fin (@OfNat.ofNat.{0} Nat (nat_lit 9) (instOfNatNat (nat_lit 9)))) =>
    Nat.decLe (@OfNat.ofNat.{0} Nat (nat_lit 7) (instOfNatNat (nat_lit 7)))
      (@JSP690.degree (@OfNat.ofNat.{0} Nat (nat_lit 9) (instOfNatNat (nat_lit 9))) JSP690.construction a))
  (@id.{0}
    (@Eq.{1} Bool
      (@Decidable.decide
        (∀ (v : JSP690.Vertex),
          @LE.le.{0} Nat instLENat (@OfNat.ofNat.{0} Nat (nat_lit 7) (instOfNatNat (nat_lit 7)))
            (@JSP690.degree (@OfNat.ofNat.{0} Nat (nat_lit 9) (instOfNatNat (nat_lit 9))) JSP690.construction v))
        (@Nat.decidableForallFin (@OfNat.ofNat.{0} Nat (nat_lit 9) (instOfNatNat (nat_lit 9)))
          (fun (v : JSP690.Vertex) =>
            @LE.le.{0} Nat instLENat (@OfNat.ofNat.{0} Nat (nat_lit 7) (instOfNatNat (nat_lit 7)))
              (@JSP690.degree (@OfNat.ofNat.{0} Nat (nat_lit 9) (instOfNatNat (nat_lit 9))) JSP690.construction v))
          fun (a : Fin (@OfNat.ofNat.{0} Nat (nat_lit 9) (instOfNatNat (nat_lit 9)))) =>
          Nat.decLe (@OfNat.ofNat.{0} Nat (nat_lit 7) (instOfNatNat (nat_lit 7)))
            (@JSP690.degree (@OfNat.ofNat.{0} Nat (nat_lit 9) (instOfNatNat (nat_lit 9))) JSP690.construction a)))
      Bool.true)
    (@Eq.refl.{1} Bool Bool.true))
'JSP690.construction_min_degree' depends on axioms: [propext]
