JSP690.construction_not_two_colorable : Not
  (@JSP690.Colorable (@OfNat.ofNat.{0} Nat (nat_lit 9) (instOfNatNat (nat_lit 9)))
    (@OfNat.ofNat.{0} Nat (nat_lit 2) (instOfNatNat (nat_lit 2))) JSP690.construction)
theorem JSP690.construction_not_two_colorable : Not
  (@JSP690.Colorable (@OfNat.ofNat.{0} Nat (nat_lit 9) (instOfNatNat (nat_lit 9)))
    (@OfNat.ofNat.{0} Nat (nat_lit 2) (instOfNatNat (nat_lit 2))) JSP690.construction) :=
fun
    (a :
      @JSP690.Colorable (@OfNat.ofNat.{0} Nat (nat_lit 9) (instOfNatNat (nat_lit 9)))
        (@OfNat.ofNat.{0} Nat (nat_lit 2) (instOfNatNat (nat_lit 2))) JSP690.construction) =>
  @Exists.casesOn.{1}
    (Fin (@OfNat.ofNat.{0} Nat (nat_lit 9) (instOfNatNat (nat_lit 9))) →
      Fin (@OfNat.ofNat.{0} Nat (nat_lit 2) (instOfNatNat (nat_lit 2))))
    (fun
        (c :
          Fin (@OfNat.ofNat.{0} Nat (nat_lit 9) (instOfNatNat (nat_lit 9))) →
            Fin (@OfNat.ofNat.{0} Nat (nat_lit 2) (instOfNatNat (nat_lit 2)))) =>
      @JSP690.ProperColoring (@OfNat.ofNat.{0} Nat (nat_lit 9) (instOfNatNat (nat_lit 9)))
        (Fin (@OfNat.ofNat.{0} Nat (nat_lit 2) (instOfNatNat (nat_lit 2)))) JSP690.construction c)
    (fun
        (x :
          @JSP690.Colorable (@OfNat.ofNat.{0} Nat (nat_lit 9) (instOfNatNat (nat_lit 9)))
            (@OfNat.ofNat.{0} Nat (nat_lit 2) (instOfNatNat (nat_lit 2))) JSP690.construction) =>
      False)
    a
    fun
      (c :
        Fin (@OfNat.ofNat.{0} Nat (nat_lit 9) (instOfNatNat (nat_lit 9))) →
          Fin (@OfNat.ofNat.{0} Nat (nat_lit 2) (instOfNatNat (nat_lit 2))))
      (hc :
        @JSP690.ProperColoring (@OfNat.ofNat.{0} Nat (nat_lit 9) (instOfNatNat (nat_lit 9)))
          (Fin (@OfNat.ofNat.{0} Nat (nat_lit 2) (instOfNatNat (nat_lit 2)))) JSP690.construction c) =>
    have h :
      Not
        (@JSP690.ProperColoring (@OfNat.ofNat.{0} Nat (nat_lit 9) (instOfNatNat (nat_lit 9)))
          (Fin (@OfNat.ofNat.{0} Nat (nat_lit 2) (instOfNatNat (nat_lit 2)))) JSP690.construction
          (JSP690.tupleColor
            (c
              (@OfNat.ofNat.{0} (Fin (@OfNat.ofNat.{0} Nat (nat_lit 9) (instOfNatNat (nat_lit 9)))) (nat_lit 0)
                (@Fin.instOfNat (@OfNat.ofNat.{0} Nat (nat_lit 9) (instOfNatNat (nat_lit 9)))
                  (@Nat.instNeZeroSucc (@OfNat.ofNat.{0} Nat (nat_lit 8) (instOfNatNat (nat_lit 8)))) (nat_lit 0))))
            (c
              (@OfNat.ofNat.{0} (Fin (@OfNat.ofNat.{0} Nat (nat_lit 9) (instOfNatNat (nat_lit 9)))) (nat_lit 1)
                (@Fin.instOfNat (@OfNat.ofNat.{0} Nat (nat_lit 9) (instOfNatNat (nat_lit 9)))
                  (@Nat.instNeZeroSucc (@OfNat.ofNat.{0} Nat (nat_lit 8) (instOfNatNat (nat_lit 8)))) (nat_lit 1))))
            (c
              (@OfNat.ofNat.{0} (Fin (@OfNat.ofNat.{0} Nat (nat_lit 9) (instOfNatNat (nat_lit 9)))) (nat_lit 2)
                (@Fin.instOfNat (@OfNat.ofNat.{0} Nat (nat_lit 9) (instOfNatNat (nat_lit 9)))
                  (@Nat.instNeZeroSucc (@OfNat.ofNat.{0} Nat (nat_lit 8) (instOfNatNat (nat_lit 8)))) (nat_lit 2))))
            (c
              (@OfNat.ofNat.{0} (Fin (@OfNat.ofNat.{0} Nat (nat_lit 9) (instOfNatNat (nat_lit 9)))) (nat_lit 3)
                (@Fin.instOfNat (@OfNat.ofNat.{0} Nat (nat_lit 9) (instOfNatNat (nat_lit 9)))
                  (@Nat.instNeZeroSucc (@OfNat.ofNat.{0} Nat (nat_lit 8) (instOfNatNat (nat_lit 8)))) (nat_lit 3))))
            (c
              (@OfNat.ofNat.{0} (Fin (@OfNat.ofNat.{0} Nat (nat_lit 9) (instOfNatNat (nat_lit 9)))) (nat_lit 4)
                (@Fin.instOfNat (@OfNat.ofNat.{0} Nat (nat_lit 9) (instOfNatNat (nat_lit 9)))
                  (@Nat.instNeZeroSucc (@OfNat.ofNat.{0} Nat (nat_lit 8) (instOfNatNat (nat_lit 8)))) (nat_lit 4))))
            (c
              (@OfNat.ofNat.{0} (Fin (@OfNat.ofNat.{0} Nat (nat_lit 9) (instOfNatNat (nat_lit 9)))) (nat_lit 5)
                (@Fin.instOfNat (@OfNat.ofNat.{0} Nat (nat_lit 9) (instOfNatNat (nat_lit 9)))
                  (@Nat.instNeZeroSucc (@OfNat.ofNat.{0} Nat (nat_lit 8) (instOfNatNat (nat_lit 8)))) (nat_lit 5))))
            (c
              (@OfNat.ofNat.{0} (Fin (@OfNat.ofNat.{0} Nat (nat_lit 9) (instOfNatNat (nat_lit 9)))) (nat_lit 6)
                (@Fin.instOfNat (@OfNat.ofNat.{0} Nat (nat_lit 9) (instOfNatNat (nat_lit 9)))
                  (@Nat.instNeZeroSucc (@OfNat.ofNat.{0} Nat (nat_lit 8) (instOfNatNat (nat_lit 8)))) (nat_lit 6))))
            (c
              (@OfNat.ofNat.{0} (Fin (@OfNat.ofNat.{0} Nat (nat_lit 9) (instOfNatNat (nat_lit 9)))) (nat_lit 7)
                (@Fin.instOfNat (@OfNat.ofNat.{0} Nat (nat_lit 9) (instOfNatNat (nat_lit 9)))
                  (@Nat.instNeZeroSucc (@OfNat.ofNat.{0} Nat (nat_lit 8) (instOfNatNat (nat_lit 8)))) (nat_lit 7))))
            (c
              (@OfNat.ofNat.{0} (Fin (@OfNat.ofNat.{0} Nat (nat_lit 9) (instOfNatNat (nat_lit 9)))) (nat_lit 8)
                (@Fin.instOfNat (@OfNat.ofNat.{0} Nat (nat_lit 9) (instOfNatNat (nat_lit 9)))
                  (@Nat.instNeZeroSucc (@OfNat.ofNat.{0} Nat (nat_lit 8) (instOfNatNat (nat_lit 8))))
                  (nat_lit 8)))))) :=
      JSP690.no_tuple_coloring
        (c
          (@OfNat.ofNat.{0} (Fin (@OfNat.ofNat.{0} Nat (nat_lit 9) (instOfNatNat (nat_lit 9)))) (nat_lit 0)
            (@Fin.instOfNat (@OfNat.ofNat.{0} Nat (nat_lit 9) (instOfNatNat (nat_lit 9)))
              (@Nat.instNeZeroSucc (@OfNat.ofNat.{0} Nat (nat_lit 8) (instOfNatNat (nat_lit 8)))) (nat_lit 0))))
        (c
          (@OfNat.ofNat.{0} (Fin (@OfNat.ofNat.{0} Nat (nat_lit 9) (instOfNatNat (nat_lit 9)))) (nat_lit 1)
            (@Fin.instOfNat (@OfNat.ofNat.{0} Nat (nat_lit 9) (instOfNatNat (nat_lit 9)))
              (@Nat.instNeZeroSucc (@OfNat.ofNat.{0} Nat (nat_lit 8) (instOfNatNat (nat_lit 8)))) (nat_lit 1))))
        (c
          (@OfNat.ofNat.{0} (Fin (@OfNat.ofNat.{0} Nat (nat_lit 9) (instOfNatNat (nat_lit 9)))) (nat_lit 2)
            (@Fin.instOfNat (@OfNat.ofNat.{0} Nat (nat_lit 9) (instOfNatNat (nat_lit 9)))
              (@Nat.instNeZeroSucc (@OfNat.ofNat.{0} Nat (nat_lit 8) (instOfNatNat (nat_lit 8)))) (nat_lit 2))))
        (c
          (@OfNat.ofNat.{0} (Fin (@OfNat.ofNat.{0} Nat (nat_lit 9) (instOfNatNat (nat_lit 9)))) (nat_lit 3)
            (@Fin.instOfNat (@OfNat.ofNat.{0} Nat (nat_lit 9) (instOfNatNat (nat_lit 9)))
              (@Nat.instNeZeroSucc (@OfNat.ofNat.{0} Nat (nat_lit 8) (instOfNatNat (nat_lit 8)))) (nat_lit 3))))
        (c
          (@OfNat.ofNat.{0} (Fin (@OfNat.ofNat.{0} Nat (nat_lit 9) (instOfNatNat (nat_lit 9)))) (nat_lit 4)
            (@Fin.instOfNat (@OfNat.ofNat.{0} Nat (nat_lit 9) (instOfNatNat (nat_lit 9)))
              (@Nat.instNeZeroSucc (@OfNat.ofNat.{0} Nat (nat_lit 8) (instOfNatNat (nat_lit 8)))) (nat_lit 4))))
        (c
          (@OfNat.ofNat.{0} (Fin (@OfNat.ofNat.{0} Nat (nat_lit 9) (instOfNatNat (nat_lit 9)))) (nat_lit 5)
            (@Fin.instOfNat (@OfNat.ofNat.{0} Nat (nat_lit 9) (instOfNatNat (nat_lit 9)))
              (@Nat.instNeZeroSucc (@OfNat.ofNat.{0} Nat (nat_lit 8) (instOfNatNat (nat_lit 8)))) (nat_lit 5))))
        (c
          (@OfNat.ofNat.{0} (Fin (@OfNat.ofNat.{0} Nat (nat_lit 9) (instOfNatNat (nat_lit 9)))) (nat_lit 6)
            (@Fin.instOfNat (@OfNat.ofNat.{0} Nat (nat_lit 9) (instOfNatNat (nat_lit 9)))
              (@Nat.instNeZeroSucc (@OfNat.ofNat.{0} Nat (nat_lit 8) (instOfNatNat (nat_lit 8)))) (nat_lit 6))))
        (c
          (@OfNat.ofNat.{0} (Fin (@OfNat.ofNat.{0} Nat (nat_lit 9) (instOfNatNat (nat_lit 9)))) (nat_lit 7)
            (@Fin.instOfNat (@OfNat.ofNat.{0} Nat (nat_lit 9) (instOfNatNat (nat_lit 9)))
              (@Nat.instNeZeroSucc (@OfNat.ofNat.{0} Nat (nat_lit 8) (instOfNatNat (nat_lit 8)))) (nat_lit 7))))
        (c
          (@OfNat.ofNat.{0} (Fin (@OfNat.ofNat.{0} Nat (nat_lit 9) (instOfNatNat (nat_lit 9)))) (nat_lit 8)
            (@Fin.instOfNat (@OfNat.ofNat.{0} Nat (nat_lit 9) (instOfNatNat (nat_lit 9)))
              (@Nat.instNeZeroSucc (@OfNat.ofNat.{0} Nat (nat_lit 8) (instOfNatNat (nat_lit 8)))) (nat_lit 8))));
    @Eq.mp.{0}
      (Not
        (@JSP690.ProperColoring (@OfNat.ofNat.{0} Nat (nat_lit 9) (instOfNatNat (nat_lit 9)))
          (Fin (@OfNat.ofNat.{0} Nat (nat_lit 2) (instOfNatNat (nat_lit 2)))) JSP690.construction
          (JSP690.tupleColor
            (c
              (@OfNat.ofNat.{0} JSP690.Vertex (nat_lit 0)
                (@Fin.instOfNat (@OfNat.ofNat.{0} Nat (nat_lit 9) (instOfNatNat (nat_lit 9)))
                  (@Nat.instNeZeroSucc (@OfNat.ofNat.{0} Nat (nat_lit 8) (instOfNatNat (nat_lit 8)))) (nat_lit 0))))
            (c
              (@OfNat.ofNat.{0} JSP690.Vertex (nat_lit 1)
                (@Fin.instOfNat (@OfNat.ofNat.{0} Nat (nat_lit 9) (instOfNatNat (nat_lit 9)))
                  (@Nat.instNeZeroSucc (@OfNat.ofNat.{0} Nat (nat_lit 8) (instOfNatNat (nat_lit 8)))) (nat_lit 1))))
            (c
              (@OfNat.ofNat.{0} JSP690.Vertex (nat_lit 2)
                (@Fin.instOfNat (@OfNat.ofNat.{0} Nat (nat_lit 9) (instOfNatNat (nat_lit 9)))
                  (@Nat.instNeZeroSucc (@OfNat.ofNat.{0} Nat (nat_lit 8) (instOfNatNat (nat_lit 8)))) (nat_lit 2))))
            (c
              (@OfNat.ofNat.{0} JSP690.Vertex (nat_lit 3)
                (@Fin.instOfNat (@OfNat.ofNat.{0} Nat (nat_lit 9) (instOfNatNat (nat_lit 9)))
                  (@Nat.instNeZeroSucc (@OfNat.ofNat.{0} Nat (nat_lit 8) (instOfNatNat (nat_lit 8)))) (nat_lit 3))))
            (c
              (@OfNat.ofNat.{0} JSP690.Vertex (nat_lit 4)
                (@Fin.instOfNat (@OfNat.ofNat.{0} Nat (nat_lit 9) (instOfNatNat (nat_lit 9)))
                  (@Nat.instNeZeroSucc (@OfNat.ofNat.{0} Nat (nat_lit 8) (instOfNatNat (nat_lit 8)))) (nat_lit 4))))
            (c
              (@OfNat.ofNat.{0} JSP690.Vertex (nat_lit 5)
                (@Fin.instOfNat (@OfNat.ofNat.{0} Nat (nat_lit 9) (instOfNatNat (nat_lit 9)))
                  (@Nat.instNeZeroSucc (@OfNat.ofNat.{0} Nat (nat_lit 8) (instOfNatNat (nat_lit 8)))) (nat_lit 5))))
            (c
              (@OfNat.ofNat.{0} JSP690.Vertex (nat_lit 6)
                (@Fin.instOfNat (@OfNat.ofNat.{0} Nat (nat_lit 9) (instOfNatNat (nat_lit 9)))
                  (@Nat.instNeZeroSucc (@OfNat.ofNat.{0} Nat (nat_lit 8) (instOfNatNat (nat_lit 8)))) (nat_lit 6))))
            (c
              (@OfNat.ofNat.{0} JSP690.Vertex (nat_lit 7)
                (@Fin.instOfNat (@OfNat.ofNat.{0} Nat (nat_lit 9) (instOfNatNat (nat_lit 9)))
                  (@Nat.instNeZeroSucc (@OfNat.ofNat.{0} Nat (nat_lit 8) (instOfNatNat (nat_lit 8)))) (nat_lit 7))))
            (c
              (@OfNat.ofNat.{0} JSP690.Vertex (nat_lit 8)
                (@Fin.instOfNat (@OfNat.ofNat.{0} Nat (nat_lit 9) (instOfNatNat (nat_lit 9)))
                  (@Nat.instNeZeroSucc (@OfNat.ofNat.{0} Nat (nat_lit 8) (instOfNatNat (nat_lit 8)))) (nat_lit 8)))))))
      (Not
        (@JSP690.ProperColoring (@OfNat.ofNat.{0} Nat (nat_lit 9) (instOfNatNat (nat_lit 9)))
          (Fin (@OfNat.ofNat.{0} Nat (nat_lit 2) (instOfNatNat (nat_lit 2)))) JSP690.construction c))
      (@congrArg.{1, 1} ((v : JSP690.Vertex) → Fin (@OfNat.ofNat.{0} Nat (nat_lit 2) (instOfNatNat (nat_lit 2)))) Prop
        (JSP690.tupleColor
          (c
            (@OfNat.ofNat.{0} JSP690.Vertex (nat_lit 0)
              (@Fin.instOfNat (@OfNat.ofNat.{0} Nat (nat_lit 9) (instOfNatNat (nat_lit 9)))
                (@Nat.instNeZeroSucc (@OfNat.ofNat.{0} Nat (nat_lit 8) (instOfNatNat (nat_lit 8)))) (nat_lit 0))))
          (c
            (@OfNat.ofNat.{0} JSP690.Vertex (nat_lit 1)
              (@Fin.instOfNat (@OfNat.ofNat.{0} Nat (nat_lit 9) (instOfNatNat (nat_lit 9)))
                (@Nat.instNeZeroSucc (@OfNat.ofNat.{0} Nat (nat_lit 8) (instOfNatNat (nat_lit 8)))) (nat_lit 1))))
          (c
            (@OfNat.ofNat.{0} JSP690.Vertex (nat_lit 2)
              (@Fin.instOfNat (@OfNat.ofNat.{0} Nat (nat_lit 9) (instOfNatNat (nat_lit 9)))
                (@Nat.instNeZeroSucc (@OfNat.ofNat.{0} Nat (nat_lit 8) (instOfNatNat (nat_lit 8)))) (nat_lit 2))))
          (c
            (@OfNat.ofNat.{0} JSP690.Vertex (nat_lit 3)
              (@Fin.instOfNat (@OfNat.ofNat.{0} Nat (nat_lit 9) (instOfNatNat (nat_lit 9)))
                (@Nat.instNeZeroSucc (@OfNat.ofNat.{0} Nat (nat_lit 8) (instOfNatNat (nat_lit 8)))) (nat_lit 3))))
          (c
            (@OfNat.ofNat.{0} JSP690.Vertex (nat_lit 4)
              (@Fin.instOfNat (@OfNat.ofNat.{0} Nat (nat_lit 9) (instOfNatNat (nat_lit 9)))
                (@Nat.instNeZeroSucc (@OfNat.ofNat.{0} Nat (nat_lit 8) (instOfNatNat (nat_lit 8)))) (nat_lit 4))))
          (c
            (@OfNat.ofNat.{0} JSP690.Vertex (nat_lit 5)
              (@Fin.instOfNat (@OfNat.ofNat.{0} Nat (nat_lit 9) (instOfNatNat (nat_lit 9)))
                (@Nat.instNeZeroSucc (@OfNat.ofNat.{0} Nat (nat_lit 8) (instOfNatNat (nat_lit 8)))) (nat_lit 5))))
          (c
            (@OfNat.ofNat.{0} JSP690.Vertex (nat_lit 6)
              (@Fin.instOfNat (@OfNat.ofNat.{0} Nat (nat_lit 9) (instOfNatNat (nat_lit 9)))
                (@Nat.instNeZeroSucc (@OfNat.ofNat.{0} Nat (nat_lit 8) (instOfNatNat (nat_lit 8)))) (nat_lit 6))))
          (c
            (@OfNat.ofNat.{0} JSP690.Vertex (nat_lit 7)
              (@Fin.instOfNat (@OfNat.ofNat.{0} Nat (nat_lit 9) (instOfNatNat (nat_lit 9)))
                (@Nat.instNeZeroSucc (@OfNat.ofNat.{0} Nat (nat_lit 8) (instOfNatNat (nat_lit 8)))) (nat_lit 7))))
          (c
            (@OfNat.ofNat.{0} JSP690.Vertex (nat_lit 8)
              (@Fin.instOfNat (@OfNat.ofNat.{0} Nat (nat_lit 9) (instOfNatNat (nat_lit 9)))
                (@Nat.instNeZeroSucc (@OfNat.ofNat.{0} Nat (nat_lit 8) (instOfNatNat (nat_lit 8)))) (nat_lit 8)))))
        c
        (fun (_a : (v : JSP690.Vertex) → Fin (@OfNat.ofNat.{0} Nat (nat_lit 2) (instOfNatNat (nat_lit 2)))) =>
          Not
            (@JSP690.ProperColoring (@OfNat.ofNat.{0} Nat (nat_lit 9) (instOfNatNat (nat_lit 9)))
              (Fin (@OfNat.ofNat.{0} Nat (nat_lit 2) (instOfNatNat (nat_lit 2)))) JSP690.construction _a))
        (JSP690.tupleColor_complete c))
      h hc
'JSP690.construction_not_two_colorable' depends on axioms: [propext, Quot.sound]
