JSP690.construction_three_colorable : @JSP690.Colorable (@OfNat.ofNat.{0} Nat (nat_lit 9) (instOfNatNat (nat_lit 9)))
  (@OfNat.ofNat.{0} Nat (nat_lit 3) (instOfNatNat (nat_lit 3))) JSP690.construction
theorem JSP690.construction_three_colorable : @JSP690.Colorable
  (@OfNat.ofNat.{0} Nat (nat_lit 9) (instOfNatNat (nat_lit 9)))
  (@OfNat.ofNat.{0} Nat (nat_lit 3) (instOfNatNat (nat_lit 3))) JSP690.construction :=
@Exists.intro.{1}
  (Fin (@OfNat.ofNat.{0} Nat (nat_lit 9) (instOfNatNat (nat_lit 9))) →
    Fin (@OfNat.ofNat.{0} Nat (nat_lit 3) (instOfNatNat (nat_lit 3))))
  (fun
      (c :
        Fin (@OfNat.ofNat.{0} Nat (nat_lit 9) (instOfNatNat (nat_lit 9))) →
          Fin (@OfNat.ofNat.{0} Nat (nat_lit 3) (instOfNatNat (nat_lit 3)))) =>
    @JSP690.ProperColoring (@OfNat.ofNat.{0} Nat (nat_lit 9) (instOfNatNat (nat_lit 9)))
      (Fin (@OfNat.ofNat.{0} Nat (nat_lit 3) (instOfNatNat (nat_lit 3)))) JSP690.construction c)
  JSP690.threeColor
  (@id.{0}
    (@JSP690.ProperColoring (@OfNat.ofNat.{0} Nat (nat_lit 9) (instOfNatNat (nat_lit 9)))
      (Fin (@OfNat.ofNat.{0} Nat (nat_lit 3) (instOfNatNat (nat_lit 3)))) JSP690.construction JSP690.threeColor)
    (@of_decide_eq_true
      (∀ (e : JSP690.Edge (@OfNat.ofNat.{0} Nat (nat_lit 9) (instOfNatNat (nat_lit 9)))),
        @Membership.mem.{0, 0} (JSP690.Edge (@OfNat.ofNat.{0} Nat (nat_lit 9) (instOfNatNat (nat_lit 9))))
            (JSP690.Hypergraph (@OfNat.ofNat.{0} Nat (nat_lit 9) (instOfNatNat (nat_lit 9))))
            (@List.instMembership.{0} (JSP690.Edge (@OfNat.ofNat.{0} Nat (nat_lit 9) (instOfNatNat (nat_lit 9)))))
            JSP690.construction e →
          @Exists.{1} (Fin (@OfNat.ofNat.{0} Nat (nat_lit 9) (instOfNatNat (nat_lit 9))))
            fun (v : Fin (@OfNat.ofNat.{0} Nat (nat_lit 9) (instOfNatNat (nat_lit 9)))) =>
            And
              (@Membership.mem.{0, 0} (Fin (@OfNat.ofNat.{0} Nat (nat_lit 9) (instOfNatNat (nat_lit 9))))
                (JSP690.Edge (@OfNat.ofNat.{0} Nat (nat_lit 9) (instOfNatNat (nat_lit 9))))
                (@List.instMembership.{0} (Fin (@OfNat.ofNat.{0} Nat (nat_lit 9) (instOfNatNat (nat_lit 9))))) e v)
              (@Exists.{1} (Fin (@OfNat.ofNat.{0} Nat (nat_lit 9) (instOfNatNat (nat_lit 9))))
                fun (w : Fin (@OfNat.ofNat.{0} Nat (nat_lit 9) (instOfNatNat (nat_lit 9)))) =>
                And
                  (@Membership.mem.{0, 0} (Fin (@OfNat.ofNat.{0} Nat (nat_lit 9) (instOfNatNat (nat_lit 9))))
                    (JSP690.Edge (@OfNat.ofNat.{0} Nat (nat_lit 9) (instOfNatNat (nat_lit 9))))
                    (@List.instMembership.{0} (Fin (@OfNat.ofNat.{0} Nat (nat_lit 9) (instOfNatNat (nat_lit 9))))) e w)
                  (@Ne.{1} (Fin (@OfNat.ofNat.{0} Nat (nat_lit 3) (instOfNatNat (nat_lit 3)))) (JSP690.threeColor v)
                    (JSP690.threeColor w))))
      (@List.decidableBAll.{0} (JSP690.Edge (@OfNat.ofNat.{0} Nat (nat_lit 9) (instOfNatNat (nat_lit 9))))
        (fun (e : JSP690.Edge (@OfNat.ofNat.{0} Nat (nat_lit 9) (instOfNatNat (nat_lit 9)))) =>
          @Exists.{1} (Fin (@OfNat.ofNat.{0} Nat (nat_lit 9) (instOfNatNat (nat_lit 9))))
            fun (v : Fin (@OfNat.ofNat.{0} Nat (nat_lit 9) (instOfNatNat (nat_lit 9)))) =>
            And
              (@Membership.mem.{0, 0} (Fin (@OfNat.ofNat.{0} Nat (nat_lit 9) (instOfNatNat (nat_lit 9))))
                (JSP690.Edge (@OfNat.ofNat.{0} Nat (nat_lit 9) (instOfNatNat (nat_lit 9))))
                (@List.instMembership.{0} (Fin (@OfNat.ofNat.{0} Nat (nat_lit 9) (instOfNatNat (nat_lit 9))))) e v)
              (@Exists.{1} (Fin (@OfNat.ofNat.{0} Nat (nat_lit 9) (instOfNatNat (nat_lit 9))))
                fun (w : Fin (@OfNat.ofNat.{0} Nat (nat_lit 9) (instOfNatNat (nat_lit 9)))) =>
                And
                  (@Membership.mem.{0, 0} (Fin (@OfNat.ofNat.{0} Nat (nat_lit 9) (instOfNatNat (nat_lit 9))))
                    (JSP690.Edge (@OfNat.ofNat.{0} Nat (nat_lit 9) (instOfNatNat (nat_lit 9))))
                    (@List.instMembership.{0} (Fin (@OfNat.ofNat.{0} Nat (nat_lit 9) (instOfNatNat (nat_lit 9))))) e w)
                  (@Ne.{1} (Fin (@OfNat.ofNat.{0} Nat (nat_lit 3) (instOfNatNat (nat_lit 3)))) (JSP690.threeColor v)
                    (JSP690.threeColor w))))
        (fun (a : JSP690.Edge (@OfNat.ofNat.{0} Nat (nat_lit 9) (instOfNatNat (nat_lit 9)))) =>
          @Nat.decidableExistsFin (@OfNat.ofNat.{0} Nat (nat_lit 9) (instOfNatNat (nat_lit 9)))
            (fun (v : Fin (@OfNat.ofNat.{0} Nat (nat_lit 9) (instOfNatNat (nat_lit 9)))) =>
              And
                (@Membership.mem.{0, 0} (Fin (@OfNat.ofNat.{0} Nat (nat_lit 9) (instOfNatNat (nat_lit 9))))
                  (JSP690.Edge (@OfNat.ofNat.{0} Nat (nat_lit 9) (instOfNatNat (nat_lit 9))))
                  (@List.instMembership.{0} (Fin (@OfNat.ofNat.{0} Nat (nat_lit 9) (instOfNatNat (nat_lit 9))))) a v)
                (@Exists.{1} (Fin (@OfNat.ofNat.{0} Nat (nat_lit 9) (instOfNatNat (nat_lit 9))))
                  fun (w : Fin (@OfNat.ofNat.{0} Nat (nat_lit 9) (instOfNatNat (nat_lit 9)))) =>
                  And
                    (@Membership.mem.{0, 0} (Fin (@OfNat.ofNat.{0} Nat (nat_lit 9) (instOfNatNat (nat_lit 9))))
                      (JSP690.Edge (@OfNat.ofNat.{0} Nat (nat_lit 9) (instOfNatNat (nat_lit 9))))
                      (@List.instMembership.{0} (Fin (@OfNat.ofNat.{0} Nat (nat_lit 9) (instOfNatNat (nat_lit 9))))) a
                      w)
                    (@Ne.{1} (Fin (@OfNat.ofNat.{0} Nat (nat_lit 3) (instOfNatNat (nat_lit 3)))) (JSP690.threeColor v)
                      (JSP690.threeColor w))))
            fun (a_1 : Fin (@OfNat.ofNat.{0} Nat (nat_lit 9) (instOfNatNat (nat_lit 9)))) =>
            @instDecidableAnd
              (@Membership.mem.{0, 0} (Fin (@OfNat.ofNat.{0} Nat (nat_lit 9) (instOfNatNat (nat_lit 9))))
                (JSP690.Edge (@OfNat.ofNat.{0} Nat (nat_lit 9) (instOfNatNat (nat_lit 9))))
                (@List.instMembership.{0} (Fin (@OfNat.ofNat.{0} Nat (nat_lit 9) (instOfNatNat (nat_lit 9))))) a a_1)
              (@Exists.{1} (Fin (@OfNat.ofNat.{0} Nat (nat_lit 9) (instOfNatNat (nat_lit 9))))
                fun (w : Fin (@OfNat.ofNat.{0} Nat (nat_lit 9) (instOfNatNat (nat_lit 9)))) =>
                And
                  (@Membership.mem.{0, 0} (Fin (@OfNat.ofNat.{0} Nat (nat_lit 9) (instOfNatNat (nat_lit 9))))
                    (JSP690.Edge (@OfNat.ofNat.{0} Nat (nat_lit 9) (instOfNatNat (nat_lit 9))))
                    (@List.instMembership.{0} (Fin (@OfNat.ofNat.{0} Nat (nat_lit 9) (instOfNatNat (nat_lit 9))))) a w)
                  (@Ne.{1} (Fin (@OfNat.ofNat.{0} Nat (nat_lit 3) (instOfNatNat (nat_lit 3)))) (JSP690.threeColor a_1)
                    (JSP690.threeColor w)))
              (@List.instDecidableMemOfLawfulBEq.{0} (Fin (@OfNat.ofNat.{0} Nat (nat_lit 9) (instOfNatNat (nat_lit 9))))
                (@instBEqOfDecidableEq.{0} (Fin (@OfNat.ofNat.{0} Nat (nat_lit 9) (instOfNatNat (nat_lit 9))))
                  (instDecidableEqFin (@OfNat.ofNat.{0} Nat (nat_lit 9) (instOfNatNat (nat_lit 9)))))
                (@instLawfulBEq.{0} (Fin (@OfNat.ofNat.{0} Nat (nat_lit 9) (instOfNatNat (nat_lit 9))))
                  (instDecidableEqFin (@OfNat.ofNat.{0} Nat (nat_lit 9) (instOfNatNat (nat_lit 9)))))
                a_1 a)
              (@Nat.decidableExistsFin (@OfNat.ofNat.{0} Nat (nat_lit 9) (instOfNatNat (nat_lit 9)))
                (fun (w : Fin (@OfNat.ofNat.{0} Nat (nat_lit 9) (instOfNatNat (nat_lit 9)))) =>
                  And
                    (@Membership.mem.{0, 0} (Fin (@OfNat.ofNat.{0} Nat (nat_lit 9) (instOfNatNat (nat_lit 9))))
                      (JSP690.Edge (@OfNat.ofNat.{0} Nat (nat_lit 9) (instOfNatNat (nat_lit 9))))
                      (@List.instMembership.{0} (Fin (@OfNat.ofNat.{0} Nat (nat_lit 9) (instOfNatNat (nat_lit 9))))) a
                      w)
                    (@Ne.{1} (Fin (@OfNat.ofNat.{0} Nat (nat_lit 3) (instOfNatNat (nat_lit 3)))) (JSP690.threeColor a_1)
                      (JSP690.threeColor w)))
                fun (a_2 : Fin (@OfNat.ofNat.{0} Nat (nat_lit 9) (instOfNatNat (nat_lit 9)))) =>
                @instDecidableAnd
                  (@Membership.mem.{0, 0} (Fin (@OfNat.ofNat.{0} Nat (nat_lit 9) (instOfNatNat (nat_lit 9))))
                    (JSP690.Edge (@OfNat.ofNat.{0} Nat (nat_lit 9) (instOfNatNat (nat_lit 9))))
                    (@List.instMembership.{0} (Fin (@OfNat.ofNat.{0} Nat (nat_lit 9) (instOfNatNat (nat_lit 9))))) a
                    a_2)
                  (@Ne.{1} (Fin (@OfNat.ofNat.{0} Nat (nat_lit 3) (instOfNatNat (nat_lit 3)))) (JSP690.threeColor a_1)
                    (JSP690.threeColor a_2))
                  ((fun (a : JSP690.Edge (@OfNat.ofNat.{0} Nat (nat_lit 9) (instOfNatNat (nat_lit 9))))
                        (a_3 : Fin (@OfNat.ofNat.{0} Nat (nat_lit 9) (instOfNatNat (nat_lit 9)))) =>
                      @List.instDecidableMemOfLawfulBEq.{0}
                        (Fin (@OfNat.ofNat.{0} Nat (nat_lit 9) (instOfNatNat (nat_lit 9))))
                        (@instBEqOfDecidableEq.{0} (Fin (@OfNat.ofNat.{0} Nat (nat_lit 9) (instOfNatNat (nat_lit 9))))
                          (instDecidableEqFin (@OfNat.ofNat.{0} Nat (nat_lit 9) (instOfNatNat (nat_lit 9)))))
                        (@instLawfulBEq.{0} (Fin (@OfNat.ofNat.{0} Nat (nat_lit 9) (instOfNatNat (nat_lit 9))))
                          (instDecidableEqFin (@OfNat.ofNat.{0} Nat (nat_lit 9) (instOfNatNat (nat_lit 9)))))
                        a_3 a)
                    a a_2)
                  (@instDecidableNot
                    (@Eq.{1} (Fin (@OfNat.ofNat.{0} Nat (nat_lit 3) (instOfNatNat (nat_lit 3)))) (JSP690.threeColor a_1)
                      (JSP690.threeColor a_2))
                    (instDecidableEqFin (@OfNat.ofNat.{0} Nat (nat_lit 3) (instOfNatNat (nat_lit 3)))
                      (JSP690.threeColor a_1) (JSP690.threeColor a_2)))))
        JSP690.construction)
      (@id.{0}
        (@Eq.{1} Bool
          (@Decidable.decide
            (∀ (e : JSP690.Edge (@OfNat.ofNat.{0} Nat (nat_lit 9) (instOfNatNat (nat_lit 9)))),
              @Membership.mem.{0, 0} (JSP690.Edge (@OfNat.ofNat.{0} Nat (nat_lit 9) (instOfNatNat (nat_lit 9))))
                  (JSP690.Hypergraph (@OfNat.ofNat.{0} Nat (nat_lit 9) (instOfNatNat (nat_lit 9))))
                  (@List.instMembership.{0} (JSP690.Edge (@OfNat.ofNat.{0} Nat (nat_lit 9) (instOfNatNat (nat_lit 9)))))
                  JSP690.construction e →
                @Exists.{1} (Fin (@OfNat.ofNat.{0} Nat (nat_lit 9) (instOfNatNat (nat_lit 9))))
                  fun (v : Fin (@OfNat.ofNat.{0} Nat (nat_lit 9) (instOfNatNat (nat_lit 9)))) =>
                  And
                    (@Membership.mem.{0, 0} (Fin (@OfNat.ofNat.{0} Nat (nat_lit 9) (instOfNatNat (nat_lit 9))))
                      (JSP690.Edge (@OfNat.ofNat.{0} Nat (nat_lit 9) (instOfNatNat (nat_lit 9))))
                      (@List.instMembership.{0} (Fin (@OfNat.ofNat.{0} Nat (nat_lit 9) (instOfNatNat (nat_lit 9))))) e
                      v)
                    (@Exists.{1} (Fin (@OfNat.ofNat.{0} Nat (nat_lit 9) (instOfNatNat (nat_lit 9))))
                      fun (w : Fin (@OfNat.ofNat.{0} Nat (nat_lit 9) (instOfNatNat (nat_lit 9)))) =>
                      And
                        (@Membership.mem.{0, 0} (Fin (@OfNat.ofNat.{0} Nat (nat_lit 9) (instOfNatNat (nat_lit 9))))
                          (JSP690.Edge (@OfNat.ofNat.{0} Nat (nat_lit 9) (instOfNatNat (nat_lit 9))))
                          (@List.instMembership.{0} (Fin (@OfNat.ofNat.{0} Nat (nat_lit 9) (instOfNatNat (nat_lit 9)))))
                          e w)
                        (@Ne.{1} (Fin (@OfNat.ofNat.{0} Nat (nat_lit 3) (instOfNatNat (nat_lit 3))))
                          (JSP690.threeColor v) (JSP690.threeColor w))))
            (@List.decidableBAll.{0} (JSP690.Edge (@OfNat.ofNat.{0} Nat (nat_lit 9) (instOfNatNat (nat_lit 9))))
              (fun (e : JSP690.Edge (@OfNat.ofNat.{0} Nat (nat_lit 9) (instOfNatNat (nat_lit 9)))) =>
                @Exists.{1} (Fin (@OfNat.ofNat.{0} Nat (nat_lit 9) (instOfNatNat (nat_lit 9))))
                  fun (v : Fin (@OfNat.ofNat.{0} Nat (nat_lit 9) (instOfNatNat (nat_lit 9)))) =>
                  And
                    (@Membership.mem.{0, 0} (Fin (@OfNat.ofNat.{0} Nat (nat_lit 9) (instOfNatNat (nat_lit 9))))
                      (JSP690.Edge (@OfNat.ofNat.{0} Nat (nat_lit 9) (instOfNatNat (nat_lit 9))))
                      (@List.instMembership.{0} (Fin (@OfNat.ofNat.{0} Nat (nat_lit 9) (instOfNatNat (nat_lit 9))))) e
                      v)
                    (@Exists.{1} (Fin (@OfNat.ofNat.{0} Nat (nat_lit 9) (instOfNatNat (nat_lit 9))))
                      fun (w : Fin (@OfNat.ofNat.{0} Nat (nat_lit 9) (instOfNatNat (nat_lit 9)))) =>
                      And
                        (@Membership.mem.{0, 0} (Fin (@OfNat.ofNat.{0} Nat (nat_lit 9) (instOfNatNat (nat_lit 9))))
                          (JSP690.Edge (@OfNat.ofNat.{0} Nat (nat_lit 9) (instOfNatNat (nat_lit 9))))
                          (@List.instMembership.{0} (Fin (@OfNat.ofNat.{0} Nat (nat_lit 9) (instOfNatNat (nat_lit 9)))))
                          e w)
                        (@Ne.{1} (Fin (@OfNat.ofNat.{0} Nat (nat_lit 3) (instOfNatNat (nat_lit 3))))
                          (JSP690.threeColor v) (JSP690.threeColor w))))
              (fun (a : JSP690.Edge (@OfNat.ofNat.{0} Nat (nat_lit 9) (instOfNatNat (nat_lit 9)))) =>
                @Nat.decidableExistsFin (@OfNat.ofNat.{0} Nat (nat_lit 9) (instOfNatNat (nat_lit 9)))
                  (fun (v : Fin (@OfNat.ofNat.{0} Nat (nat_lit 9) (instOfNatNat (nat_lit 9)))) =>
                    And
                      (@Membership.mem.{0, 0} (Fin (@OfNat.ofNat.{0} Nat (nat_lit 9) (instOfNatNat (nat_lit 9))))
                        (JSP690.Edge (@OfNat.ofNat.{0} Nat (nat_lit 9) (instOfNatNat (nat_lit 9))))
                        (@List.instMembership.{0} (Fin (@OfNat.ofNat.{0} Nat (nat_lit 9) (instOfNatNat (nat_lit 9))))) a
                        v)
                      (@Exists.{1} (Fin (@OfNat.ofNat.{0} Nat (nat_lit 9) (instOfNatNat (nat_lit 9))))
                        fun (w : Fin (@OfNat.ofNat.{0} Nat (nat_lit 9) (instOfNatNat (nat_lit 9)))) =>
                        And
                          (@Membership.mem.{0, 0} (Fin (@OfNat.ofNat.{0} Nat (nat_lit 9) (instOfNatNat (nat_lit 9))))
                            (JSP690.Edge (@OfNat.ofNat.{0} Nat (nat_lit 9) (instOfNatNat (nat_lit 9))))
                            (@List.instMembership.{0}
                              (Fin (@OfNat.ofNat.{0} Nat (nat_lit 9) (instOfNatNat (nat_lit 9)))))
                            a w)
                          (@Ne.{1} (Fin (@OfNat.ofNat.{0} Nat (nat_lit 3) (instOfNatNat (nat_lit 3))))
                            (JSP690.threeColor v) (JSP690.threeColor w))))
                  fun (a_1 : Fin (@OfNat.ofNat.{0} Nat (nat_lit 9) (instOfNatNat (nat_lit 9)))) =>
                  @instDecidableAnd
                    (@Membership.mem.{0, 0} (Fin (@OfNat.ofNat.{0} Nat (nat_lit 9) (instOfNatNat (nat_lit 9))))
                      (JSP690.Edge (@OfNat.ofNat.{0} Nat (nat_lit 9) (instOfNatNat (nat_lit 9))))
                      (@List.instMembership.{0} (Fin (@OfNat.ofNat.{0} Nat (nat_lit 9) (instOfNatNat (nat_lit 9))))) a
                      a_1)
                    (@Exists.{1} (Fin (@OfNat.ofNat.{0} Nat (nat_lit 9) (instOfNatNat (nat_lit 9))))
                      fun (w : Fin (@OfNat.ofNat.{0} Nat (nat_lit 9) (instOfNatNat (nat_lit 9)))) =>
                      And
                        (@Membership.mem.{0, 0} (Fin (@OfNat.ofNat.{0} Nat (nat_lit 9) (instOfNatNat (nat_lit 9))))
                          (JSP690.Edge (@OfNat.ofNat.{0} Nat (nat_lit 9) (instOfNatNat (nat_lit 9))))
                          (@List.instMembership.{0} (Fin (@OfNat.ofNat.{0} Nat (nat_lit 9) (instOfNatNat (nat_lit 9)))))
                          a w)
                        (@Ne.{1} (Fin (@OfNat.ofNat.{0} Nat (nat_lit 3) (instOfNatNat (nat_lit 3))))
                          (JSP690.threeColor a_1) (JSP690.threeColor w)))
                    (@List.instDecidableMemOfLawfulBEq.{0}
                      (Fin (@OfNat.ofNat.{0} Nat (nat_lit 9) (instOfNatNat (nat_lit 9))))
                      (@instBEqOfDecidableEq.{0} (Fin (@OfNat.ofNat.{0} Nat (nat_lit 9) (instOfNatNat (nat_lit 9))))
                        (instDecidableEqFin (@OfNat.ofNat.{0} Nat (nat_lit 9) (instOfNatNat (nat_lit 9)))))
                      (@instLawfulBEq.{0} (Fin (@OfNat.ofNat.{0} Nat (nat_lit 9) (instOfNatNat (nat_lit 9))))
                        (instDecidableEqFin (@OfNat.ofNat.{0} Nat (nat_lit 9) (instOfNatNat (nat_lit 9)))))
                      a_1 a)
                    (@Nat.decidableExistsFin (@OfNat.ofNat.{0} Nat (nat_lit 9) (instOfNatNat (nat_lit 9)))
                      (fun (w : Fin (@OfNat.ofNat.{0} Nat (nat_lit 9) (instOfNatNat (nat_lit 9)))) =>
                        And
                          (@Membership.mem.{0, 0} (Fin (@OfNat.ofNat.{0} Nat (nat_lit 9) (instOfNatNat (nat_lit 9))))
                            (JSP690.Edge (@OfNat.ofNat.{0} Nat (nat_lit 9) (instOfNatNat (nat_lit 9))))
                            (@List.instMembership.{0}
                              (Fin (@OfNat.ofNat.{0} Nat (nat_lit 9) (instOfNatNat (nat_lit 9)))))
                            a w)
                          (@Ne.{1} (Fin (@OfNat.ofNat.{0} Nat (nat_lit 3) (instOfNatNat (nat_lit 3))))
                            (JSP690.threeColor a_1) (JSP690.threeColor w)))
                      fun (a_2 : Fin (@OfNat.ofNat.{0} Nat (nat_lit 9) (instOfNatNat (nat_lit 9)))) =>
                      @instDecidableAnd
                        (@Membership.mem.{0, 0} (Fin (@OfNat.ofNat.{0} Nat (nat_lit 9) (instOfNatNat (nat_lit 9))))
                          (JSP690.Edge (@OfNat.ofNat.{0} Nat (nat_lit 9) (instOfNatNat (nat_lit 9))))
                          (@List.instMembership.{0} (Fin (@OfNat.ofNat.{0} Nat (nat_lit 9) (instOfNatNat (nat_lit 9)))))
                          a a_2)
                        (@Ne.{1} (Fin (@OfNat.ofNat.{0} Nat (nat_lit 3) (instOfNatNat (nat_lit 3))))
                          (JSP690.threeColor a_1) (JSP690.threeColor a_2))
                        ((fun (a : JSP690.Edge (@OfNat.ofNat.{0} Nat (nat_lit 9) (instOfNatNat (nat_lit 9))))
                              (a_3 : Fin (@OfNat.ofNat.{0} Nat (nat_lit 9) (instOfNatNat (nat_lit 9)))) =>
                            @List.instDecidableMemOfLawfulBEq.{0}
                              (Fin (@OfNat.ofNat.{0} Nat (nat_lit 9) (instOfNatNat (nat_lit 9))))
                              (@instBEqOfDecidableEq.{0}
                                (Fin (@OfNat.ofNat.{0} Nat (nat_lit 9) (instOfNatNat (nat_lit 9))))
                                (instDecidableEqFin (@OfNat.ofNat.{0} Nat (nat_lit 9) (instOfNatNat (nat_lit 9)))))
                              (@instLawfulBEq.{0} (Fin (@OfNat.ofNat.{0} Nat (nat_lit 9) (instOfNatNat (nat_lit 9))))
                                (instDecidableEqFin (@OfNat.ofNat.{0} Nat (nat_lit 9) (instOfNatNat (nat_lit 9)))))
                              a_3 a)
                          a a_2)
                        (@instDecidableNot
                          (@Eq.{1} (Fin (@OfNat.ofNat.{0} Nat (nat_lit 3) (instOfNatNat (nat_lit 3))))
                            (JSP690.threeColor a_1) (JSP690.threeColor a_2))
                          (instDecidableEqFin (@OfNat.ofNat.{0} Nat (nat_lit 3) (instOfNatNat (nat_lit 3)))
                            (JSP690.threeColor a_1) (JSP690.threeColor a_2)))))
              JSP690.construction))
          Bool.true)
        (@Eq.refl.{1} Bool Bool.true))))
'JSP690.construction_three_colorable' depends on axioms: [propext, Quot.sound]
